2025-08-05 17:25:52,588 - INFO - 데이터셋 생성 시작...
2025-08-05 17:25:53,542 - WARNING - YAML 파싱 오류: while scanning a quoted scalar
  in "<unicode string>", line 1, column 8:
    title: "][;][] |
           ^
found unexpected end of stream
  in "<unicode string>", line 3, column 23:
    created_at: 2025-08-05
                          ^
2025-08-05 17:25:53,675 - WARNING - YAML 파싱 오류: while scanning a double-quoted scalar
  in "<unicode string>", line 1, column 8:
    title: "] [PassivePromptCharacter][=\"\ ... 
           ^
found unknown escape character '>'
  in "<unicode string>", line 1, column 45:
     ... assivePromptCharacter][=\"\_\"/\>]] |
                                         ^
2025-08-05 17:25:54,284 - WARNING - YAML 파싱 오류: while scanning a double-quoted scalar
  in "<unicode string>", line 1, column 8:
    title: "])\]] |
           ^
found unknown escape character ']'
  in "<unicode string>", line 1, column 12:
    title: "])\]] |
               ^
2025-08-05 17:25:56,611 - WARNING - YAML 파싱 오류: while scanning a quoted scalar
  in "<unicode string>", line 1, column 8:
    title: "] });]                          ... 
           ^
found unexpected end of stream
  in "<unicode string>", line 3, column 23:
    created_at: 2025-08-05
                          ^
2025-08-05 17:26:02,017 - WARNING - YAML 파싱 오류: while scanning a quoted scalar
  in "<unicode string>", line 1, column 8:
    title: "); ]                            ... 
           ^
found unexpected end of stream
  in "<unicode string>", line 3, column 23:
    created_at: 2025-08-05
                          ^
2025-08-05 17:26:03,265 - WARNING - YAML 파싱 오류: while scanning a quoted scalar
  in "<unicode string>", line 1, column 8:
    title: "];]                             ... 
           ^
found unexpected end of stream
  in "<unicode string>", line 3, column 23:
    created_at: 2025-08-05
                          ^
2025-08-05 17:26:07,126 - ERROR - 데이터셋 생성 실패: Object of type date is not JSON serializable
2025-08-05 17:26:37,240 - INFO - 데이터셋 생성 시작...
2025-08-05 17:26:48,073 - INFO - 데이터셋 저장 완료: unsloth_alpaca_datasets/unsloth_format.json
2025-08-05 17:26:48,571 - INFO - 데이터셋 저장 완료: unsloth_alpaca_datasets/alpaca_format.json
2025-08-05 17:26:49,665 - INFO - 데이터셋 저장 완료: unsloth_alpaca_datasets/unified_format.json
2025-08-05 17:26:49,665 - INFO - 데이터셋 저장 완료: unsloth_alpaca_datasets/dataset_statistics.json
2025-08-05 17:26:49,665 - INFO - 데이터셋 생성 완료!
