2025-07-31 17:00:30,621 - __main__ - INFO - WinForms_Docs 성능 테스트 시작
2025-07-31 17:00:30,651 - performance_monitor - INFO - 데이터베이스 초기화 완료
2025-07-31 17:00:30,651 - performance_monitor - INFO - 성능 모니터링 시스템 초기화 완료
2025-07-31 17:00:30,653 - __main__ - INFO - 성능 테스트 스위트 시작
2025-07-31 17:00:30,665 - performance_monitor - INFO - 성능 모니터링 시작
2025-07-31 17:00:30,684 - __main__ - INFO - 테스트 실행: data_cleaner_small
2025-07-31 17:00:30,713 - __main__ - INFO - 테스트 데이터 생성 완료: small - 10개 파일
2025-07-31 17:00:30,713 - data_cleaner - INFO - 파일 처리 시작: 10개 파일
2025-07-31 17:00:30,815 - data_cleaner - INFO - 파일 처리 완료: 10개 파일, 0.10초
2025-07-31 17:00:30,815 - data_cleaner - INFO - 평균 처리 속도: 98.36 파일/초
2025-07-31 17:00:30,815 - __main__ - INFO - 데이터 정제 테스트 반복 1: 10/10 파일 성공
2025-07-31 17:00:30,816 - data_cleaner - INFO - 파일 처리 시작: 10개 파일
2025-07-31 17:00:30,820 - data_cleaner - INFO - 파일 처리 완료: 10개 파일, 0.00초
2025-07-31 17:00:30,820 - data_cleaner - INFO - 평균 처리 속도: 2406.23 파일/초
2025-07-31 17:00:30,820 - __main__ - INFO - 데이터 정제 테스트 반복 2: 10/10 파일 성공
2025-07-31 17:00:30,821 - data_cleaner - INFO - 파일 처리 시작: 10개 파일
2025-07-31 17:00:30,825 - data_cleaner - INFO - 파일 처리 완료: 10개 파일, 0.00초
2025-07-31 17:00:30,826 - data_cleaner - INFO - 평균 처리 속도: 2209.27 파일/초
2025-07-31 17:00:30,826 - __main__ - INFO - 데이터 정제 테스트 반복 3: 10/10 파일 성공
2025-07-31 17:00:30,826 - data_cleaner - INFO - 파일 처리 시작: 10개 파일
2025-07-31 17:00:30,832 - data_cleaner - INFO - 파일 처리 완료: 10개 파일, 0.01초
2025-07-31 17:00:30,832 - data_cleaner - INFO - 평균 처리 속도: 1978.26 파일/초
2025-07-31 17:00:30,832 - __main__ - INFO - 데이터 정제 테스트 반복 4: 10/10 파일 성공
2025-07-31 17:00:30,832 - data_cleaner - INFO - 파일 처리 시작: 10개 파일
2025-07-31 17:00:30,837 - data_cleaner - INFO - 파일 처리 완료: 10개 파일, 0.00초
2025-07-31 17:00:30,837 - data_cleaner - INFO - 평균 처리 속도: 2496.46 파일/초
2025-07-31 17:00:30,837 - __main__ - INFO - 데이터 정제 테스트 반복 5: 10/10 파일 성공
2025-07-31 17:11:35,023 - performance_monitor - INFO - 데이터베이스 초기화 완료
2025-07-31 17:11:35,024 - performance_monitor - INFO - 성능 모니터링 시스템 초기화 완료
2025-07-31 17:12:32,414 - performance_monitor - INFO - 데이터베이스 초기화 완료
2025-07-31 17:12:32,415 - performance_monitor - INFO - 성능 모니터링 시스템 초기화 완료
2025-08-01 07:23:31,615 - performance_monitor - INFO - 데이터베이스 초기화 완료
2025-08-01 07:23:31,616 - performance_monitor - INFO - 성능 모니터링 시스템 초기화 완료
2025-08-01 07:23:31,616 - __main__ - INFO - 간단한 통합 테스트 초기화 완료
2025-08-01 07:23:31,617 - pandas_data_processor - WARNING - Apache Arrow 통합 초기화 실패: Apache Arrow(pyarrow)가 설치되지 않았습니다. pip install pyarrow로 설치하세요.
2025-08-01 07:23:31,617 - pandas_data_processor - INFO - Windows 11 메모리 관리 최적화 적용
2025-08-01 07:23:31,619 - pandas_data_processor - INFO - 벡터화된 연산 초기화 완료
2025-08-01 07:23:31,629 - vectorized_operations - INFO - 벡터화된 연산 시스템 초기화 완료
2025-08-01 07:23:31,629 - async_file_manager - INFO - Pandas 통합 파일 관리자 초기화 완료
2025-08-01 07:23:31,630 - async_file_manager - ERROR - Apache Arrow 통합 초기화 실패: Apache Arrow(pyarrow)가 설치되지 않았습니다. pip install pyarrow로 설치하세요.
2025-08-01 07:23:31,630 - async_file_manager - INFO - Windows 11 파일 시스템 최적화 적용
2025-08-01 07:23:31,630 - pandas_data_processor - WARNING - Apache Arrow 통합 초기화 실패: Apache Arrow(pyarrow)가 설치되지 않았습니다. pip install pyarrow로 설치하세요.
2025-08-01 07:23:31,631 - pandas_data_processor - INFO - Windows 11 메모리 관리 최적화 적용
2025-08-01 07:23:31,631 - pandas_data_processor - INFO - 벡터화된 연산 초기화 완료
2025-08-01 07:23:31,631 - __main__ - ERROR - 구성 요소 초기화 오류: Apache Arrow(pyarrow)가 설치되지 않았습니다. pip install pyarrow로 설치하세요.
2025-08-01 07:23:31,631 - __main__ - ERROR - 통합 테스트 실행 오류: Apache Arrow(pyarrow)가 설치되지 않았습니다. pip install pyarrow로 설치하세요.
2025-08-01 07:23:31,691 - vectorized_operations - INFO - 벡터화 연산 캐시 정리 완료
2025-08-01 07:23:31,692 - pandas_data_processor - INFO - 캐시 정리 완료
2025-08-01 07:23:31,692 - pandas_data_processor - INFO - 캐시 정리 완료
2025-08-01 07:23:59,227 - performance_monitor - INFO - 데이터베이스 초기화 완료
2025-08-01 07:23:59,228 - performance_monitor - INFO - 성능 모니터링 시스템 초기화 완료
2025-08-01 07:23:59,228 - __main__ - INFO - 간단한 통합 테스트 초기화 완료
2025-08-01 07:23:59,228 - pandas_data_processor - WARNING - Apache Arrow 통합 초기화 실패: Apache Arrow(pyarrow)가 설치되지 않았습니다. pip install pyarrow로 설치하세요.
2025-08-01 07:23:59,229 - pandas_data_processor - INFO - Windows 11 메모리 관리 최적화 적용
2025-08-01 07:23:59,230 - pandas_data_processor - INFO - 벡터화된 연산 초기화 완료
2025-08-01 07:23:59,239 - vectorized_operations - INFO - 벡터화된 연산 시스템 초기화 완료
2025-08-01 07:23:59,240 - async_file_manager - INFO - Pandas 통합 파일 관리자 초기화 완료
2025-08-01 07:23:59,240 - async_file_manager - ERROR - Apache Arrow 통합 초기화 실패: Apache Arrow(pyarrow)가 설치되지 않았습니다. pip install pyarrow로 설치하세요.
2025-08-01 07:23:59,240 - async_file_manager - INFO - Windows 11 파일 시스템 최적화 적용
2025-08-01 07:23:59,240 - pandas_data_processor - WARNING - Apache Arrow 통합 초기화 실패: Apache Arrow(pyarrow)가 설치되지 않았습니다. pip install pyarrow로 설치하세요.
2025-08-01 07:23:59,241 - pandas_data_processor - INFO - Windows 11 메모리 관리 최적화 적용
2025-08-01 07:23:59,241 - pandas_data_processor - INFO - 벡터화된 연산 초기화 완료
2025-08-01 07:23:59,241 - __main__ - ERROR - 구성 요소 초기화 오류: Apache Arrow(pyarrow)가 설치되지 않았습니다. pip install pyarrow로 설치하세요.
2025-08-01 07:23:59,242 - __main__ - ERROR - 통합 테스트 실행 오류: Apache Arrow(pyarrow)가 설치되지 않았습니다. pip install pyarrow로 설치하세요.
2025-08-01 07:23:59,298 - vectorized_operations - INFO - 벡터화 연산 캐시 정리 완료
2025-08-01 07:23:59,299 - pandas_data_processor - INFO - 캐시 정리 완료
2025-08-01 07:23:59,299 - pandas_data_processor - INFO - 캐시 정리 완료
2025-08-01 07:25:09,007 - performance_monitor - INFO - 데이터베이스 초기화 완료
2025-08-01 07:25:09,007 - performance_monitor - INFO - 성능 모니터링 시스템 초기화 완료
2025-08-01 07:25:09,007 - __main__ - INFO - 간단한 통합 테스트 초기화 완료
2025-08-01 07:25:09,008 - pandas_data_processor - WARNING - Apache Arrow 통합 초기화 실패: Apache Arrow(pyarrow)가 설치되지 않았습니다. pip install pyarrow로 설치하세요.
2025-08-01 07:25:09,008 - pandas_data_processor - INFO - Windows 11 메모리 관리 최적화 적용
2025-08-01 07:25:09,011 - pandas_data_processor - INFO - 벡터화된 연산 초기화 완료
2025-08-01 07:25:09,023 - vectorized_operations - INFO - 벡터화된 연산 시스템 초기화 완료
2025-08-01 07:25:09,023 - async_file_manager - INFO - Pandas 통합 파일 관리자 초기화 완료
2025-08-01 07:25:09,024 - async_file_manager - ERROR - Apache Arrow 통합 초기화 실패: Apache Arrow(pyarrow)가 설치되지 않았습니다. pip install pyarrow로 설치하세요.
2025-08-01 07:25:09,024 - async_file_manager - INFO - Windows 11 파일 시스템 최적화 적용
2025-08-01 07:25:09,024 - pandas_data_processor - WARNING - Apache Arrow 통합 초기화 실패: Apache Arrow(pyarrow)가 설치되지 않았습니다. pip install pyarrow로 설치하세요.
2025-08-01 07:25:09,025 - pandas_data_processor - INFO - Windows 11 메모리 관리 최적화 적용
2025-08-01 07:25:09,025 - pandas_data_processor - INFO - 벡터화된 연산 초기화 완료
2025-08-01 07:25:09,026 - __main__ - ERROR - 구성 요소 초기화 오류: name 'create_memory_manager' is not defined
2025-08-01 07:25:09,026 - __main__ - ERROR - 통합 테스트 실행 오류: name 'create_memory_manager' is not defined
2025-08-01 07:25:09,087 - vectorized_operations - INFO - 벡터화 연산 캐시 정리 완료
2025-08-01 07:25:09,088 - pandas_data_processor - INFO - 캐시 정리 완료
2025-08-01 07:25:09,088 - pandas_data_processor - INFO - 캐시 정리 완료
2025-08-01 07:26:21,973 - performance_monitor - INFO - 데이터베이스 초기화 완료
2025-08-01 07:26:21,973 - performance_monitor - INFO - 성능 모니터링 시스템 초기화 완료
2025-08-01 07:26:21,973 - __main__ - INFO - 간단한 통합 테스트 초기화 완료
2025-08-01 07:26:21,974 - pandas_data_processor - WARNING - Apache Arrow 통합 초기화 실패: Apache Arrow(pyarrow)가 설치되지 않았습니다. pip install pyarrow로 설치하세요.
2025-08-01 07:26:21,974 - pandas_data_processor - INFO - Windows 11 메모리 관리 최적화 적용
2025-08-01 07:26:21,977 - pandas_data_processor - INFO - 벡터화된 연산 초기화 완료
2025-08-01 07:26:21,987 - vectorized_operations - INFO - 벡터화된 연산 시스템 초기화 완료
2025-08-01 07:26:21,987 - async_file_manager - INFO - Pandas 통합 파일 관리자 초기화 완료
2025-08-01 07:26:21,987 - async_file_manager - ERROR - Apache Arrow 통합 초기화 실패: Apache Arrow(pyarrow)가 설치되지 않았습니다. pip install pyarrow로 설치하세요.
2025-08-01 07:26:21,987 - async_file_manager - INFO - Windows 11 파일 시스템 최적화 적용
2025-08-01 07:26:21,988 - pandas_data_processor - WARNING - Apache Arrow 통합 초기화 실패: Apache Arrow(pyarrow)가 설치되지 않았습니다. pip install pyarrow로 설치하세요.
2025-08-01 07:26:21,988 - pandas_data_processor - INFO - Windows 11 메모리 관리 최적화 적용
2025-08-01 07:26:21,988 - pandas_data_processor - INFO - 벡터화된 연산 초기화 완료
2025-08-01 07:26:21,989 - __main__ - ERROR - 구성 요소 초기화 오류: name 'create_vectorized_operations' is not defined
2025-08-01 07:26:21,989 - __main__ - ERROR - 통합 테스트 실행 오류: name 'create_vectorized_operations' is not defined
2025-08-01 07:26:22,048 - vectorized_operations - INFO - 벡터화 연산 캐시 정리 완료
2025-08-01 07:26:22,048 - pandas_data_processor - INFO - 캐시 정리 완료
2025-08-01 07:26:22,049 - pandas_data_processor - INFO - 캐시 정리 완료
2025-08-01 07:27:48,598 - performance_monitor - INFO - 데이터베이스 초기화 완료
2025-08-01 07:27:48,598 - performance_monitor - INFO - 성능 모니터링 시스템 초기화 완료
2025-08-01 07:27:48,598 - __main__ - INFO - 간단한 통합 테스트 초기화 완료
2025-08-01 07:27:48,599 - pandas_data_processor - WARNING - Apache Arrow 통합 초기화 실패: Apache Arrow(pyarrow)가 설치되지 않았습니다. pip install pyarrow로 설치하세요.
2025-08-01 07:27:48,599 - pandas_data_processor - INFO - Windows 11 메모리 관리 최적화 적용
2025-08-01 07:27:48,601 - pandas_data_processor - INFO - 벡터화된 연산 초기화 완료
2025-08-01 07:27:48,611 - vectorized_operations - INFO - 벡터화된 연산 시스템 초기화 완료
2025-08-01 07:27:48,611 - async_file_manager - INFO - Pandas 통합 파일 관리자 초기화 완료
2025-08-01 07:27:48,611 - async_file_manager - ERROR - Apache Arrow 통합 초기화 실패: Apache Arrow(pyarrow)가 설치되지 않았습니다. pip install pyarrow로 설치하세요.
2025-08-01 07:27:48,611 - async_file_manager - INFO - Windows 11 파일 시스템 최적화 적용
2025-08-01 07:27:48,612 - pandas_data_processor - WARNING - Apache Arrow 통합 초기화 실패: Apache Arrow(pyarrow)가 설치되지 않았습니다. pip install pyarrow로 설치하세요.
2025-08-01 07:27:48,612 - pandas_data_processor - INFO - Windows 11 메모리 관리 최적화 적용
2025-08-01 07:27:48,612 - pandas_data_processor - INFO - 벡터화된 연산 초기화 완료
2025-08-01 07:27:48,623 - performance_monitor - INFO - 성능 모니터링 시작
2025-08-01 09:42:59,800 - performance_monitor - INFO - 데이터베이스 초기화 완료
2025-08-01 09:42:59,800 - performance_monitor - INFO - 성능 모니터링 시스템 초기화 완료
2025-08-01 09:42:59,800 - __main__ - INFO - 간단한 통합 테스트 초기화 완료
2025-08-01 09:42:59,801 - pandas_data_processor - WARNING - Apache Arrow 통합 초기화 실패: Apache Arrow(pyarrow)가 설치되지 않았습니다. pip install pyarrow로 설치하세요.
2025-08-01 09:42:59,801 - pandas_data_processor - INFO - Windows 11 메모리 관리 최적화 적용
2025-08-01 09:42:59,803 - pandas_data_processor - INFO - 벡터화된 연산 초기화 완료
2025-08-01 09:42:59,809 - vectorized_operations - INFO - 벡터화된 연산 시스템 초기화 완료
2025-08-01 09:42:59,809 - async_file_manager - INFO - Pandas 통합 파일 관리자 초기화 완료
2025-08-01 09:42:59,809 - async_file_manager - ERROR - Apache Arrow 통합 초기화 실패: Apache Arrow(pyarrow)가 설치되지 않았습니다. pip install pyarrow로 설치하세요.
2025-08-01 09:42:59,810 - async_file_manager - INFO - Windows 11 파일 시스템 최적화 적용
2025-08-01 09:42:59,810 - pandas_data_processor - WARNING - Apache Arrow 통합 초기화 실패: Apache Arrow(pyarrow)가 설치되지 않았습니다. pip install pyarrow로 설치하세요.
2025-08-01 09:42:59,810 - pandas_data_processor - INFO - Windows 11 메모리 관리 최적화 적용
2025-08-01 09:42:59,810 - pandas_data_processor - INFO - 벡터화된 연산 초기화 완료
2025-08-01 09:42:59,819 - performance_monitor - INFO - 성능 모니터링 시작
2025-08-01 09:52:00,709 - performance_monitor - INFO - 데이터베이스 초기화 완료
2025-08-01 09:52:00,709 - performance_monitor - INFO - 성능 모니터링 시스템 초기화 완료
2025-08-01 09:52:00,709 - __main__ - INFO - 간단한 통합 테스트 초기화 완료
2025-08-01 09:52:00,710 - pandas_data_processor - WARNING - Apache Arrow 통합 초기화 실패: Apache Arrow(pyarrow)가 설치되지 않았습니다. pip install pyarrow로 설치하세요.
2025-08-01 09:52:00,710 - pandas_data_processor - INFO - Windows 11 메모리 관리 최적화 적용
2025-08-01 09:52:00,712 - pandas_data_processor - INFO - 벡터화된 연산 초기화 완료
2025-08-01 09:52:00,719 - vectorized_operations - INFO - 벡터화된 연산 시스템 초기화 완료
2025-08-01 09:52:00,719 - async_file_manager - INFO - Pandas 통합 파일 관리자 초기화 완료
2025-08-01 09:52:00,719 - async_file_manager - ERROR - Apache Arrow 통합 초기화 실패: Apache Arrow(pyarrow)가 설치되지 않았습니다. pip install pyarrow로 설치하세요.
2025-08-01 09:52:00,719 - async_file_manager - INFO - Windows 11 파일 시스템 최적화 적용
2025-08-01 09:52:00,720 - pandas_data_processor - WARNING - Apache Arrow 통합 초기화 실패: Apache Arrow(pyarrow)가 설치되지 않았습니다. pip install pyarrow로 설치하세요.
2025-08-01 09:52:00,720 - pandas_data_processor - INFO - Windows 11 메모리 관리 최적화 적용
2025-08-01 09:52:00,720 - pandas_data_processor - INFO - 벡터화된 연산 초기화 완료
2025-08-01 09:52:00,728 - performance_monitor - INFO - 성능 모니터링 시작
2025-08-01 09:58:44,879 - performance_monitor - INFO - 데이터베이스 초기화 완료
2025-08-01 09:58:44,879 - performance_monitor - INFO - 성능 모니터링 시스템 초기화 완료
2025-08-01 09:58:44,880 - __main__ - INFO - 간단한 통합 테스트 초기화 완료
2025-08-01 09:58:44,880 - pandas_data_processor - WARNING - Apache Arrow 통합 초기화 실패: Apache Arrow(pyarrow)가 설치되지 않았습니다. pip install pyarrow로 설치하세요.
2025-08-01 09:58:44,880 - pandas_data_processor - INFO - Windows 11 메모리 관리 최적화 적용
2025-08-01 09:58:44,882 - pandas_data_processor - INFO - 벡터화된 연산 초기화 완료
2025-08-01 09:58:44,889 - vectorized_operations - INFO - 벡터화된 연산 시스템 초기화 완료
2025-08-01 09:58:44,889 - async_file_manager - INFO - Pandas 통합 파일 관리자 초기화 완료
2025-08-01 09:58:44,890 - async_file_manager - ERROR - Apache Arrow 통합 초기화 실패: Apache Arrow(pyarrow)가 설치되지 않았습니다. pip install pyarrow로 설치하세요.
2025-08-01 09:58:44,890 - async_file_manager - INFO - Windows 11 파일 시스템 최적화 적용
2025-08-01 09:58:44,890 - pandas_data_processor - WARNING - Apache Arrow 통합 초기화 실패: Apache Arrow(pyarrow)가 설치되지 않았습니다. pip install pyarrow로 설치하세요.
2025-08-01 09:58:44,890 - pandas_data_processor - INFO - Windows 11 메모리 관리 최적화 적용
2025-08-01 09:58:44,890 - pandas_data_processor - INFO - 벡터화된 연산 초기화 완료
2025-08-01 09:58:44,899 - performance_monitor - INFO - 성능 모니터링 시작
2025-08-01 10:05:21,906 - performance_monitor - INFO - 데이터베이스 초기화 완료
2025-08-01 10:05:21,906 - performance_monitor - INFO - 성능 모니터링 시스템 초기화 완료
2025-08-01 10:05:21,906 - __main__ - INFO - 간단한 통합 테스트 초기화 완료
2025-08-01 10:05:21,907 - pandas_data_processor - WARNING - Apache Arrow 통합 초기화 실패: Apache Arrow(pyarrow)가 설치되지 않았습니다. pip install pyarrow로 설치하세요.
2025-08-01 10:05:21,907 - pandas_data_processor - INFO - Windows 11 메모리 관리 최적화 적용
2025-08-01 10:05:21,909 - pandas_data_processor - INFO - 벡터화된 연산 초기화 완료
2025-08-01 10:05:21,917 - vectorized_operations - INFO - 벡터화된 연산 시스템 초기화 완료
2025-08-01 10:05:21,917 - async_file_manager - INFO - Pandas 통합 파일 관리자 초기화 완료
2025-08-01 10:05:21,917 - async_file_manager - ERROR - Apache Arrow 통합 초기화 실패: Apache Arrow(pyarrow)가 설치되지 않았습니다. pip install pyarrow로 설치하세요.
2025-08-01 10:05:21,917 - async_file_manager - INFO - Windows 11 파일 시스템 최적화 적용
2025-08-01 10:05:21,917 - pandas_data_processor - WARNING - Apache Arrow 통합 초기화 실패: Apache Arrow(pyarrow)가 설치되지 않았습니다. pip install pyarrow로 설치하세요.
2025-08-01 10:05:21,918 - pandas_data_processor - INFO - Windows 11 메모리 관리 최적화 적용
2025-08-01 10:05:21,918 - pandas_data_processor - INFO - 벡터화된 연산 초기화 완료
2025-08-01 10:05:21,926 - performance_monitor - INFO - 성능 모니터링 시작
